#-----------------------------------------------------------
# Webtalk v2020.2 (64-bit)
# SW Build 3064766 on Wed Nov 18 09:12:45 MST 2020
# IP Build 3064653 on Wed Nov 18 14:17:31 MST 2020
# Start of session at: Sun May 16 23:32:09 2021
# Process ID: 16076
# Current directory: C:/Users/Calin/Desktop/Facultate/An 2/Sem 2/Calculatoare Numerice I/Lucrari/Lucrarea 5/Lucrarea 5.sim/sim_1/behav/xsim
# Command line: wbtcv.exe -mode batch -source C:/Users/Calin/Desktop/Facultate/An 2/Sem 2/Calculatoare Numerice I/Lucrari/Lucrarea 5/Lucrarea 5.sim/sim_1/behav/xsim/xsim.dir/mul_sim_behav/webtalk/xsim_webtalk.tcl -notrace
# Log file: C:/Users/Calin/Desktop/Facultate/An 2/Sem 2/Calculatoare Numerice I/Lucrari/Lucrarea 5/Lucrarea 5.sim/sim_1/behav/xsim/webtalk.log
# Journal file: C:/Users/Calin/Desktop/Facultate/An 2/Sem 2/Calculatoare Numerice I/Lucrari/Lucrarea 5/Lucrarea 5.sim/sim_1/behav/xsim\webtalk.jou
#-----------------------------------------------------------
source C:/Users/Calin/Desktop/Facultate/An -notrace
